Microchip MPLAB XC8 Compiler V2.31

Linker command line:

-W-3 --edf=C:\Program Files\Microchip\xc8\v2.31\pic\dat\en_msgs.txt -cn \
  -h+dist/default/production\SPI_simulation.X.production.sym \
  --cmf=dist/default/production\SPI_simulation.X.production.cmf -z \
  -Q18F47J53 -oC:\Users\HP\AppData\Local\Temp\sh0c.2 \
  --defsym=__MPLAB_BUILD=1 \
  -Mdist/default/production/SPI_simulation.X.production.map -E1 \
  -ver=XC8 Compiler --acfsm=1493 -ASTACK=060h-0EAFh -pstack=STACK \
  -ACODE=00h-01FFF7h -ACONST=00h-01FFF7h \
  -ASMALLCONST=0F00h-0FFFhx496,01FF00h-01FFF7h \
  -AMEDIUMCONST=0F00h-0FFFFh,010F00h-01FFF7h -ACOMRAM=01h-05Fh \
  -AABS1=00h-0EAFh -ABIGRAM=01h-0EAFh \
  -ARAM=060h-0FFh,0100h-01FFhx13,0E00h-0EAFh -ABANK0=060h-0FFh \
  -ABANK1=0100h-01FFh -ABANK2=0200h-02FFh -ABANK3=0300h-03FFh \
  -ABANK4=0400h-04FFh -ABANK5=0500h-05FFh -ABANK6=0600h-06FFh \
  -ABANK7=0700h-07FFh -ABANK8=0800h-08FFh -ABANK9=0900h-09FFh \
  -ABANK10=0A00h-0AFFh -ABANK11=0B00h-0BFFh -ABANK12=0C00h-0CFFh \
  -ABANK13=0D00h-0DFFh -ABANK14=0E00h-0EAFh \
  -ASFR=0EB0h-0EFFh,0F00h-0F5Fh,0F60h-0FFFh -ACONFIG=01FFF8h-01FFFFh \
  -preset_vec=00h,intcode,intcodelo,powerup,init -pramtop=0F00h \
  -psmallconst=SMALLCONST -pmediumconst=MEDIUMCONST -pconst=CONST \
  -AFARRAM=00h-00h -pjflash_buffer=01F800h \
  -prdata=COMRAM,nvrram=COMRAM,nvbit=COMRAM,rbss=COMRAM,rbit=COMRAM \
  -pfarbss=FARRAM,fardata=FARRAM,nvFARRAM=FARRAM \
  -pintsave_regs=BIGRAM,bigbss=BIGRAM,bigdata=BIGRAM -pbss=RAM \
  -pidata=CODE,irdata=CODE,ibigdata=CODE,ifardata=CODE -prparam=COMRAM \
  C:\Users\HP\AppData\Local\Temp\sh0c.o \
  dist/default/production\SPI_simulation.X.production.o 

Object code version is 3.11

Machine type is 18F47J53



                Name                               Link     Load   Length Selector   Space Scale
C:\Users\HP\AppData\Local\Temp\sh0c.o
                config                            1FFF8    1FFF8        8        0       4
                init                                  0        0        4        0       0
dist/default/production\SPI_simulation.X.production.o
                config                            1FFF8    1FFF8        8        0       4
                text3                             1FF52    1FF52       4A     FFA9       0
                text2                             1FF34    1FF34       1E     FF9A       0
                text1                             1FF1A    1FF1A       1A     FF8D       0
                text0                             1FF9C    1FF9C       5C     FFCE       0
                cstackCOMRAM                          1        1        8        1       1
                cinit                             1FF14    1FF14        6     FF8A       0

TOTAL           Name                               Link     Load   Length     Space
        CLASS   STACK          

        CLASS   CODE           
                init                                  0        0        4         0
                text3                             1FF52    1FF52       4A         0
                text2                             1FF34    1FF34       1E         0
                text1                             1FF1A    1FF1A       1A         0
                text0                             1FF9C    1FF9C       5C         0
                cinit                             1FF14    1FF14        6         0

        CLASS   CONST          

        CLASS   SMALLCONST     

        CLASS   MEDIUMCONST    

        CLASS   COMRAM         
                cstackCOMRAM                          1        1        8         1

        CLASS   ABS1           

        CLASS   BIGRAM         

        CLASS   RAM            

        CLASS   BANK0          

        CLASS   BANK1          

        CLASS   BANK2          

        CLASS   BANK3          

        CLASS   BANK4          

        CLASS   BANK5          

        CLASS   BANK6          

        CLASS   BANK7          

        CLASS   BANK8          

        CLASS   BANK9          

        CLASS   BANK10         

        CLASS   BANK11         

        CLASS   BANK12         

        CLASS   BANK13         

        CLASS   BANK14         

        CLASS   SFR            

        CLASS   CONFIG         
                config                            1FFF8    1FFF8        8         4

        CLASS   FARRAM         

        CLASS   IDLOC          



SEGMENTS        Name                           Load    Length   Top    Selector   Space  Class

                reset_vec                      000000  000004  000004         0       0  CODE    
                cstackCOMRAM                   000001  000008  000009         1       1  COMRAM  
                cinit                          01FF14  000006  01FF1A      FF8A       0  CODE    
                text1                          01FF1A  00001A  01FF34      FF8D       0  CODE    
                text2                          01FF34  00001E  01FF52      FF9A       0  CODE    
                text3                          01FF52  00004A  01FF9C      FFA9       0  CODE    
                text0                          01FF9C  00005C  01FFF8      FFCE       0  CODE    


UNUSED ADDRESS RANGES

        Name                Unused          Largest block    Delta
        BANK0            00060-000FF              A0
        BANK1            00100-001FF             100
        BANK10           00A00-00AFF             100
        BANK11           00B00-00BFF             100
        BANK12           00C00-00CFF             100
        BANK13           00D00-00DFF             100
        BANK14           00E00-00EAF              B0
        BANK2            00200-002FF             100
        BANK3            00300-003FF             100
        BANK4            00400-004FF             100
        BANK5            00500-005FF             100
        BANK6            00600-006FF             100
        BANK7            00700-007FF             100
        BANK8            00800-008FF             100
        BANK9            00900-009FF             100
        BIGRAM           00009-00EAF             EA7
        CODE             00004-1FF13           1FF10
        COMRAM           00009-0005F              57
        CONST            00004-1FF13           1FF10
        MEDIUMCONST      00F00-0FFFF            F100
                         10F00-1FF13            F014
        RAM              00060-00EAF             100
        SFR              00EB0-00FFF              60
        SMALLCONST       00F00-1FF13             100
        STACK            00060-00EAF             E50

                                  Symbol Table

MSdelay@i                 cstackCOMRAM  00003
MSdelay@j                 cstackCOMRAM  00005
MSdelay@val               cstackCOMRAM  00001
SPI_Write@x               cstackCOMRAM  00002
_ADCON0                   (abs)         00FC2
_ADCON1                   (abs)         00FC1
_INTCON2bits              (abs)         00FF1
_LATA5                    (abs)         07C4D
_MSdelay                  text3         1FF52
_OSCCON                   (abs)         00FD3
_PIR1bits                 (abs)         00F9E
_SPI_Init_Master          text2         1FF34
_SPI_Write                text1         1FF1A
_SSPBUF                   (abs)         00FC9
_SSPCON1                  (abs)         00FC6
_SSPSTAT                  (abs)         00FC7
_TRISAbits                (abs)         00F92
_TRISBbits                (abs)         00F93
_TRISCbits                (abs)         00F94
__HRAM                    (abs)         00000
__Habs1                   abs1          00000
__Hbank0                  bank0         00000
__Hbank1                  bank1         00000
__Hbank10                 bank10        00000
__Hbank11                 bank11        00000
__Hbank12                 bank12        00000
__Hbank13                 bank13        00000
__Hbank14                 bank14        00000
__Hbank2                  bank2         00000
__Hbank3                  bank3         00000
__Hbank4                  bank4         00000
__Hbank5                  bank5         00000
__Hbank6                  bank6         00000
__Hbank7                  bank7         00000
__Hbank8                  bank8         00000
__Hbank9                  bank9         00000
__Hbigbss                 bigbss        00000
__Hbigdata                bigdata       00000
__Hbigram                 bigram        00000
__Hbss                    bss           00000
__Hcinit                  cinit         00000
__Hclrtext                clrtext       00000
__Hcomram                 comram        00000
__Hconfig                 config        20000
__Hconst                  const         00000
__HcstackCOMRAM           cstackCOMRAM  00000
__Hdata                   data          00000
__Hfarbss                 farbss        00000
__Hfardata                fardata       00000
__Hibigdata               ibigdata      00000
__Hidata                  idata         00000
__Hidloc                  idloc         00000
__Hifardata               ifardata      00000
__Hinit                   init          00004
__Hintcode                intcode       00000
__Hintcode_body           intcode_body  00000
__Hintcodelo              intcodelo     00000
__Hintentry               intentry      00000
__Hintret                 intret        00000
__Hintsave_regs           intsave_regs  00000
__Hirdata                 irdata        00000
__Hjflash_buffer          jflash_buffer 1F800
__Hmediumconst            mediumconst   00000
__HnvFARRAM               nvFARRAM      00000
__Hnvbit                  nvbit         00000
__Hnvrram                 nvrram        00000
__Hparam                  rparam        00000
__Hpowerup                powerup       00000
__Hram                    ram           00000
__Hramtop                 ramtop        00F00
__Hrbit                   rbit          00000
__Hrbss                   rbss          00000
__Hrdata                  rdata         00000
__Hreset_vec              reset_vec     00000
__Hrparam                 rparam        00000
__Hsfr                    sfr           00000
__Hsmallconst             smallconst    00000
__Hspace_0                (abs)         1FFF8
__Hspace_1                (abs)         00009
__Hspace_2                (abs)         00000
__Hspace_4                (abs)         3FFF8
__Hstack                  stack         00000
__Hstruct                 struct        00000
__Htemp                   temp          00000
__Htext                   text          00000
__Htext0                  text0         00000
__Htext1                  text1         00000
__Htext2                  text2         00000
__Htext3                  text3         00000
__LRAM                    (abs)         00001
__Labs1                   abs1          00000
__Lbank0                  bank0         00000
__Lbank1                  bank1         00000
__Lbank10                 bank10        00000
__Lbank11                 bank11        00000
__Lbank12                 bank12        00000
__Lbank13                 bank13        00000
__Lbank14                 bank14        00000
__Lbank2                  bank2         00000
__Lbank3                  bank3         00000
__Lbank4                  bank4         00000
__Lbank5                  bank5         00000
__Lbank6                  bank6         00000
__Lbank7                  bank7         00000
__Lbank8                  bank8         00000
__Lbank9                  bank9         00000
__Lbigbss                 bigbss        00000
__Lbigdata                bigdata       00000
__Lbigram                 bigram        00000
__Lbss                    bss           00000
__Lcinit                  cinit         00000
__Lclrtext                clrtext       00000
__Lcomram                 comram        00000
__Lconfig                 config        00000
__Lconst                  const         00000
__LcstackCOMRAM           cstackCOMRAM  00000
__Ldata                   data          00000
__Lfarbss                 farbss        00000
__Lfardata                fardata       00000
__Libigdata               ibigdata      00000
__Lidata                  idata         00000
__Lidloc                  idloc         00000
__Lifardata               ifardata      00000
__Linit                   init          00000
__Lintcode                intcode       00000
__Lintcode_body           intcode_body  00000
__Lintcodelo              intcodelo     00000
__Lintentry               intentry      00000
__Lintret                 intret        00000
__Lintsave_regs           intsave_regs  00000
__Lirdata                 irdata        00000
__Ljflash_buffer          jflash_buffer 1F800
__Lmediumconst            mediumconst   00000
__LnvFARRAM               nvFARRAM      00000
__Lnvbit                  nvbit         00000
__Lnvrram                 nvrram        00000
__Lparam                  rparam        00000
__Lpowerup                powerup       00000
__Lram                    ram           00000
__Lramtop                 ramtop        00F00
__Lrbit                   rbit          00000
__Lrbss                   rbss          00000
__Lrdata                  rdata         00000
__Lreset_vec              reset_vec     00000
__Lrparam                 rparam        00000
__Lsfr                    sfr           00000
__Lsmallconst             smallconst    00000
__Lspace_0                (abs)         00000
__Lspace_1                (abs)         00000
__Lspace_2                (abs)         00000
__Lspace_4                (abs)         00000
__Lstack                  stack         00000
__Lstruct                 struct        00000
__Ltemp                   temp          00000
__Ltext                   text          00000
__Ltext0                  text0         00000
__Ltext1                  text1         00000
__Ltext2                  text2         00000
__Ltext3                  text3         00000
__S0                      (abs)         1FFF8
__S1                      (abs)         00009
__S2                      (abs)         00000
__S4                      (abs)         00000
___inthi_sp               stack         00000
___intlo_sp               stack         00000
___param_bank             (abs)         00000
___rparam_used            (abs)         00001
___sp                     stack         00000
__accesstop               (abs)         00060
__activetblptr            (abs)         00000
__end_of_MSdelay          text3         1FF9C
__end_of_SPI_Init_Master  text2         1FF52
__end_of_SPI_Write        text1         1FF34
__end_of__initialization  cinit         1FF14
__end_of_main             text0         1FFF8
__initialization          cinit         1FF14
__mediumconst             mediumconst   00000
__pcinit                  cinit         1FF14
__pcstackCOMRAM           cstackCOMRAM  00001
__ptext0                  text0         1FF9C
__ptext1                  text1         1FF1A
__ptext2                  text2         1FF34
__ptext3                  text3         1FF52
__ramtop                  ramtop        00F00
__size_of_MSdelay         (abs)         00000
__size_of_SPI_Init_Master (abs)         00000
__size_of_SPI_Write       (abs)         00000
__size_of_main            (abs)         00000
__smallconst              smallconst    00000
_main                     text0         1FF9C
end_of_initialization     cinit         1FF14
intlevel0                 text          00000
intlevel1                 text          00000
intlevel2                 text          00000
intlevel3                 text          00000
main@i                    cstackCOMRAM  00007
stackhi                   (abs)         00EAF
stacklo                   (abs)         00060
start                     init          00000
start_initialization      cinit         1FF14


FUNCTION INFORMATION:

 *************** function _main *****************
 Defined at:
		line 11 in file "SPI.c"
 Parameters:    Size  Location     Type
		None
 Auto vars:     Size  Location     Type
  i               2    6[COMRAM] int 
 Return value:  Size  Location     Type
                  1    wreg      void 
 Registers used:
		wreg, status,2, status,0, cstack
 Tracked objects:
		On entry : 
		On exit  : 
		Unchanged: 
 Data sizes:     COMRAM   BANK0   BANK1   BANK2   BANK3   BANK4   BANK5   BANK6   BANK7   BANK8   BANK9  BANK10  BANK11  BANK12  BANK13  BANK14
      Params:         0       0       0       0       0       0       0       0       0       0       0       0       0       0       0       0
      Locals:         2       0       0       0       0       0       0       0       0       0       0       0       0       0       0       0
      Temps:          0       0       0       0       0       0       0       0       0       0       0       0       0       0       0       0
      Totals:         2       0       0       0       0       0       0       0       0       0       0       0       0       0       0       0
Total ram usage:        2 bytes
 Hardware stack levels required when called:    1
 This function calls:
		_MSdelay
		_SPI_Init_Master
		_SPI_Write
 This function is called by:
		Startup code after reset
 This function uses a non-reentrant model


 *************** function _SPI_Write *****************
 Defined at:
		line 55 in file "SPI.c"
 Parameters:    Size  Location     Type
  x               1    wreg     unsigned char 
 Auto vars:     Size  Location     Type
  x               1    1[COMRAM] unsigned char 
  data_flush      1    0        unsigned char 
 Return value:  Size  Location     Type
                  1    wreg      void 
 Registers used:
		wreg
 Tracked objects:
		On entry : 
		On exit  : 
		Unchanged: 
 Data sizes:     COMRAM   BANK0   BANK1   BANK2   BANK3   BANK4   BANK5   BANK6   BANK7   BANK8   BANK9  BANK10  BANK11  BANK12  BANK13  BANK14
      Params:         0       0       0       0       0       0       0       0       0       0       0       0       0       0       0       0
      Locals:         2       0       0       0       0       0       0       0       0       0       0       0       0       0       0       0
      Temps:          0       0       0       0       0       0       0       0       0       0       0       0       0       0       0       0
      Totals:         2       0       0       0       0       0       0       0       0       0       0       0       0       0       0       0
Total ram usage:        2 bytes
 Hardware stack levels used:    1
 This function calls:
		Nothing
 This function is called by:
		_main
 This function uses a non-reentrant model


 *************** function _SPI_Init_Master *****************
 Defined at:
		line 33 in file "SPI.c"
 Parameters:    Size  Location     Type
		None
 Auto vars:     Size  Location     Type
		None
 Return value:  Size  Location     Type
                  1    wreg      void 
 Registers used:
		wreg, status,2
 Tracked objects:
		On entry : 
		On exit  : 
		Unchanged: 
 Data sizes:     COMRAM   BANK0   BANK1   BANK2   BANK3   BANK4   BANK5   BANK6   BANK7   BANK8   BANK9  BANK10  BANK11  BANK12  BANK13  BANK14
      Params:         0       0       0       0       0       0       0       0       0       0       0       0       0       0       0       0
      Locals:         0       0       0       0       0       0       0       0       0       0       0       0       0       0       0       0
      Temps:          0       0       0       0       0       0       0       0       0       0       0       0       0       0       0       0
      Totals:         0       0       0       0       0       0       0       0       0       0       0       0       0       0       0       0
Total ram usage:        0 bytes
 Hardware stack levels used:    1
 This function calls:
		Nothing
 This function is called by:
		_main
 This function uses a non-reentrant model


 *************** function _MSdelay *****************
 Defined at:
		line 74 in file "SPI.c"
 Parameters:    Size  Location     Type
  val             2    0[COMRAM] unsigned int 
 Auto vars:     Size  Location     Type
  j               2    4[COMRAM] unsigned int 
  i               2    2[COMRAM] unsigned int 
 Return value:  Size  Location     Type
                  1    wreg      void 
 Registers used:
		wreg, status,2, status,0
 Tracked objects:
		On entry : 
		On exit  : 
		Unchanged: 
 Data sizes:     COMRAM   BANK0   BANK1   BANK2   BANK3   BANK4   BANK5   BANK6   BANK7   BANK8   BANK9  BANK10  BANK11  BANK12  BANK13  BANK14
      Params:         2       0       0       0       0       0       0       0       0       0       0       0       0       0       0       0
      Locals:         4       0       0       0       0       0       0       0       0       0       0       0       0       0       0       0
      Temps:          0       0       0       0       0       0       0       0       0       0       0       0       0       0       0       0
      Totals:         6       0       0       0       0       0       0       0       0       0       0       0       0       0       0       0
Total ram usage:        6 bytes
 Hardware stack levels used:    1
 This function calls:
		Nothing
 This function is called by:
		_main
 This function uses a non-reentrant model



MODULE INFORMATION

Module		Function		Class		Link	Load	Size
shared
		__initialization		CODE           	1FF14	0000	1

shared estimated size: 1

SPI.c
		_SPI_Init_Master		CODE           	1FF34	0000	30
		_main          		CODE           	1FF9C	0000	92
		_SPI_Write     		CODE           	1FF1A	0000	26
		_MSdelay       		CODE           	1FF52	0000	74

SPI.c estimated size: 222

